    Updating crates.io index
 Downloading crates ...
  Downloaded itoa v1.0.15
  Downloaded num-traits v0.2.19
  Downloaded rustc-hash v1.1.0
  Downloaded autocfg v1.1.0
  Downloaded cfg-if v1.0.0
  Downloaded equivalent v1.0.1
  Downloaded unicode-ident v1.0.12
  Downloaded ryu v1.0.20
  Downloaded rand_core v0.10.1
  Downloaded serde_derive v1.0.228
  Downloaded rand v0.10.2
  Downloaded serde_core v1.0.228
  Downloaded serde v1.0.228
  Downloaded num-bigint v0.5.1
  Downloaded serde_json v1.0.145
  Downloaded hashbrown v0.16.1
  Downloaded memchr v2.7.6
  Downloaded indexmap v2.13.0
  Downloaded proc-macro2 v1.0.103
  Downloaded getrandom v0.4.3
  Downloaded chacha20 v0.10.2
  Downloaded quote v1.0.35
  Downloaded syn v2.0.111
  Downloaded num-integer v0.1.47
  Downloaded semver v1.0.27
  Downloaded libc v0.2.180
   Compiling proc-macro2 v1.0.103
   Compiling unicode-ident v1.0.12
   Compiling serde_core v1.0.228
   Compiling autocfg v1.1.0
   Compiling serde v1.0.228
   Compiling serde_json v1.0.145
   Compiling hashbrown v0.16.1
   Compiling memchr v2.7.6
   Compiling ryu v1.0.20
   Compiling equivalent v1.0.1
   Compiling itoa v1.0.15
   Compiling semver v1.0.27
   Compiling rustc-hash v1.1.0
   Compiling num-traits v0.2.19
   Compiling indexmap v2.13.0
   Compiling num-integer v0.1.47
   Compiling quote v1.0.35
   Compiling syn v2.0.111
   Compiling serde_derive v1.0.228
   Compiling num-bigint v0.5.1
   Compiling nanoda_lib v0.4.19 (/private/tmp/npmle-comparator-tools/nanoda_lib)
    Finished `release` profile [optimized] target(s) in 9.88s
